\BOOKMARK [1][-]{section.1}{\376\377\000I\000n\000t\000r\000o\000d\000u\000c\000t\000i\000o\000n\000\040\000\050\000E\000\051}{}% 1
\BOOKMARK [1][-]{section.2}{\376\377\000M\000e\000t\000h\000o\000d\000o\000l\000o\000g\000y}{}% 2
\BOOKMARK [2][-]{subsection.2.1}{\376\377\000D\000a\000t\000a\000\040\000A\000u\000g\000m\000e\000n\000t\000a\000t\000i\000o\000n\000\040\000\050\000E\000\051}{section.2}% 3
\BOOKMARK [2][-]{subsection.2.2}{\376\377\000A\000r\000c\000h\000i\000t\000e\000c\000t\000u\000r\000e\000s\000\040\000\050\000E\000\051}{section.2}% 4
\BOOKMARK [2][-]{subsection.2.3}{\376\377\000T\000r\000a\000i\000n\000i\000n\000g\000\040\000\050\000M\000\051}{section.2}% 5
\BOOKMARK [2][-]{subsection.2.4}{\376\377\000E\000v\000a\000l\000u\000a\000t\000i\000o\000n\000\040\000M\000e\000t\000r\000i\000c\000s\000\040\000\050\000M\000\051}{section.2}% 6
\BOOKMARK [3][-]{subsubsection.2.4.1}{\376\377\000A\000c\000c\000u\000r\000a\000c\000y}{subsection.2.4}% 7
\BOOKMARK [3][-]{subsubsection.2.4.2}{\376\377\000R\000O\000C\000\040\000a\000n\000d\000\040\000A\000U\000C}{subsection.2.4}% 8
\BOOKMARK [1][-]{section.3}{\376\377\000E\000x\000p\000e\000r\000i\000m\000e\000n\000t\000s\000\040\000\050\000M\000\051}{}% 9
\BOOKMARK [2][-]{subsection.3.1}{\376\377\000T\000r\000a\000i\000n\000i\000n\000g\000\040\000S\000e\000t\000u\000p}{section.3}% 10
\BOOKMARK [2][-]{subsection.3.2}{\376\377\000A\000r\000c\000h\000i\000t\000e\000c\000t\000u\000r\000e\000\040\000C\000o\000m\000p\000a\000r\000i\000s\000o\000n}{section.3}% 11
\BOOKMARK [1][-]{section.4}{\376\377\000R\000e\000s\000u\000l\000t\000s}{}% 12
\BOOKMARK [2][-]{subsection.4.1}{\376\377\000R\000e\000s\000u\000l\000t\000s\000\040\000o\000n\000\040\000T\000e\000s\000t\000s\000e\000t\000\040\000\050\000D\000\051}{section.4}% 13
\BOOKMARK [2][-]{subsection.4.2}{\376\377\000R\000e\000s\000u\000l\000t\000s\000\040\000o\000n\000\040\000T\000e\000s\000t\000s\000e\000t\000\040\000\050\000D\000\051}{section.4}% 14
\BOOKMARK [2][-]{subsection.4.3}{\376\377\000E\000f\000f\000e\000c\000t\000s\000\040\000o\000f\000\040\000D\000a\000t\000a\000\040\000A\000u\000g\000m\000e\000n\000t\000a\000t\000i\000o\000n\000\040\000\050\000D\000\051}{section.4}% 15
\BOOKMARK [2][-]{subsection.4.4}{\376\377\000C\000l\000a\000s\000s\000\040\000S\000e\000p\000a\000r\000a\000b\000i\000l\000i\000t\000y\000\040\000\050\000D\000\051}{section.4}% 16
\BOOKMARK [1][-]{section.5}{\376\377\000D\000i\000s\000c\000u\000s\000s\000i\000o\000n}{}% 17
\BOOKMARK [2][-]{subsection.5.1}{\376\377\000D\000i\000s\000c\000o\000v\000e\000r\000i\000e\000s\000\040\000\050\000M\000\051}{section.5}% 18
\BOOKMARK [2][-]{subsection.5.2}{\376\377\000L\000i\000m\000i\000t\000a\000t\000i\000o\000n\000s\000\040\000\050\000M\000\051}{section.5}% 19
\BOOKMARK [1][-]{section.6}{\376\377\000C\000o\000n\000c\000l\000u\000s\000i\000o\000n\000\040\000\050\000E\000\051}{}% 20
\BOOKMARK [1][-]{appendix.A}{\376\377\000A\000p\000p\000e\000n\000d\000i\000x}{}% 21
